[0m15:07:50.091041 [debug] [MainThread]: Sending event: {'category': 'dbt', 'action': 'invocation', 'label': 'start', 'context': [<snowplow_tracker.self_describing_json.SelfDescribingJson object at 0x7df1dabcfa90>, <snowplow_tracker.self_describing_json.SelfDescribingJson object at 0x7df1dabe3090>, <snowplow_tracker.self_describing_json.SelfDescribingJson object at 0x7df1dabc0410>]}


============================== 15:07:50.120676 | b21a5169-bc53-48e3-a895-ba44658e542d ==============================
[0m15:07:50.120676 [info ] [MainThread]: Running with dbt=1.11.6
[0m15:07:50.125237 [debug] [MainThread]: running dbt with arguments {'no_print': 'None', 'log_path': 'logs', 'introspect': 'True', 'write_json': 'True', 'target_path': 'None', 'use_colors': 'True', 'indirect_selection': 'eager', 'log_format': 'default', 'use_experimental_parser': 'False', 'warn_error_options': 'WarnErrorOptionsV2(error=[], warn=[], silence=[])', 'invocation_command': 'dbt init', 'static_parser': 'True', 'debug': 'False', 'empty': 'None', 'log_cache_events': 'False', 'warn_error': 'None', 'version_check': 'True', 'send_anonymous_usage_stats': 'True', 'profiles_dir': '/root/.dbt', 'quiet': 'False', 'printer_width': '80', 'cache_selected_only': 'False', 'fail_fast': 'False', 'partial_parse': 'True'}
[0m15:07:57.134024 [debug] [MainThread]: Starter project path: /usr/local/lib/python3.11/site-packages/dbt/include/starter_project
[0m15:07:57.489877 [info ] [MainThread]: 
Your new dbt project "finserve_dbt" was created!

For more information on how to configure the profiles.yml file,
please consult the dbt documentation here:

  https://docs.getdbt.com/docs/configure-your-profile

One more thing:

Need help? Don't hesitate to reach out to us via GitHub issues or on Slack:

  https://community.getdbt.com/

Happy modeling!

[0m15:07:57.505425 [info ] [MainThread]: Setting up your profile.
[0m15:09:47.591299 [info ] [MainThread]: Profile finserve_dbt written to /root/.dbt/profiles.yml using target's profile_template.yml and your supplied values. Run 'dbt debug' to validate the connection.
[0m15:09:47.606584 [debug] [MainThread]: Resource report: {"command_name": "init", "command_success": true, "command_wall_clock_time": 117.66835, "process_in_blocks": "170", "process_kernel_time": 0.741193, "process_mem_max_rss": "111268", "process_out_blocks": "2128", "process_user_time": 3.351485}
[0m15:09:47.612011 [debug] [MainThread]: Command `dbt init` succeeded at 15:09:47.611407 after 117.67 seconds
[0m15:09:47.616216 [debug] [MainThread]: Sending event: {'category': 'dbt', 'action': 'invocation', 'label': 'end', 'context': [<snowplow_tracker.self_describing_json.SelfDescribingJson object at 0x7df1dabb5550>, <snowplow_tracker.self_describing_json.SelfDescribingJson object at 0x7df1dac6d050>, <snowplow_tracker.self_describing_json.SelfDescribingJson object at 0x7df1dabe2bd0>]}
[0m15:09:47.637104 [debug] [MainThread]: Flushing usage events
[0m15:09:48.523564 [debug] [MainThread]: An error was encountered while trying to flush usage events
[0m14:08:14.380625 [debug] [MainThread]: Sending event: {'category': 'dbt', 'action': 'invocation', 'label': 'start', 'context': [<snowplow_tracker.self_describing_json.SelfDescribingJson object at 0x000002434B808050>, <snowplow_tracker.self_describing_json.SelfDescribingJson object at 0x0000024350402BD0>, <snowplow_tracker.self_describing_json.SelfDescribingJson object at 0x0000024350402990>]}


============================== 14:08:14.388708 | 69849a55-0008-489e-bc69-050547dcb004 ==============================
[0m14:08:14.388708 [info ] [MainThread]: Running with dbt=1.12.3
[0m14:08:14.388708 [debug] [MainThread]: running dbt with arguments {'static_parser': 'True', 'no_print': 'None', 'maximum_seed_size_mib': '1', 'target_path': 'None', 'version_check': 'True', 'warn_error_options': 'WarnErrorOptionsV2(error=[], warn=[], silence=[])', 'printer_width': '80', 'write_json': 'True', 'introspect': 'True', 'log_cache_events': 'False', 'empty': 'None', 'cache_selected_only': 'False', 'fail_fast': 'False', 'debug': 'False', 'log_format': 'default', 'profiles_dir': 'C:\\Users\\muhoz\\.dbt', 'send_anonymous_usage_stats': 'True', 'quiet': 'False', 'warn_error': 'None', 'partial_parse': 'True', 'invocation_command': 'dbt debug', 'hints_enabled': 'True', 'use_colors': 'True', 'use_experimental_parser': 'False', 'indirect_selection': 'eager', 'log_path': 'logs'}
[0m14:08:14.437733 [info ] [MainThread]: dbt version: 1.12.3
[0m14:08:14.445282 [info ] [MainThread]: python version: 3.11.9
[0m14:08:14.447948 [info ] [MainThread]: python path: C:\Users\muhoz\Projects\finserve\.venv\Scripts\python.exe
[0m14:08:14.447948 [info ] [MainThread]: os info: Windows-10-10.0.26200-SP0
[0m14:08:14.451108 [info ] [MainThread]: Using profiles dir at C:\Users\muhoz\.dbt
[0m14:08:14.453130 [info ] [MainThread]: Using profiles.yml file at C:\Users\muhoz\.dbt\profiles.yml
[0m14:08:14.453130 [info ] [MainThread]: Using dbt_project.yml file at C:\Users\muhoz\Projects\finserve\dbt_project\dbt_project.yml
[0m14:08:14.456184 [info ] [MainThread]: Configuration:
[0m14:08:14.457433 [info ] [MainThread]:   profiles.yml file [[31mERROR not found[0m]
[0m14:08:14.459499 [info ] [MainThread]:   dbt_project.yml file [[31mERROR not found[0m]
[0m14:08:14.461256 [info ] [MainThread]: Required dependencies:
[0m14:08:14.463267 [debug] [MainThread]: Executing "git --help"
[0m14:08:14.584341 [debug] [MainThread]: STDOUT: "b"usage: git [-v | --version] [-h | --help] [-C <path>] [-c <name>=<value>]\n           [--exec-path[=<path>]] [--html-path] [--man-path] [--info-path]\n           [-p | --paginate | -P | --no-pager] [--no-replace-objects] [--no-lazy-fetch]\n           [--no-optional-locks] [--no-advice] [--bare] [--git-dir=<path>]\n           [--work-tree=<path>] [--namespace=<name>] [--config-env=<name>=<envvar>]\n           <command> [<args>]\n\nThese are common Git commands used in various situations:\n\nstart a working area (see also: git help tutorial)\n   clone      Clone a repository into a new directory\n   init       Create an empty Git repository or reinitialize an existing one\n\nwork on the current change (see also: git help everyday)\n   add        Add file contents to the index\n   mv         Move or rename a file, a directory, or a symlink\n   restore    Restore working tree files\n   rm         Remove files from the working tree and from the index\n\nexamine the history and state (see also: git help revisions)\n   bisect     Use binary search to find the commit that introduced a bug\n   diff       Show changes between commits, commit and working tree, etc\n   grep       Print lines matching a pattern\n   log        Show commit logs\n   show       Show various types of objects\n   status     Show the working tree status\n\ngrow, mark and tweak your common history\n   backfill   Download missing objects in a partial clone\n   branch     List, create, or delete branches\n   commit     Record changes to the repository\n   merge      Join two or more development histories together\n   rebase     Reapply commits on top of another base tip\n   reset      Reset current HEAD to the specified state\n   switch     Switch branches\n   tag        Create, list, delete or verify a tag object signed with GPG\n\ncollaborate (see also: git help workflows)\n   fetch      Download objects and refs from another repository\n   pull       Fetch from and integrate with another repository or a local branch\n   push       Update remote refs along with associated objects\n\n'git help -a' and 'git help -g' list available subcommands and some\nconcept guides. See 'git help <command>' or 'git help <concept>'\nto read about a specific subcommand or concept.\nSee 'git help git' for an overview of the system.\n""
[0m14:08:14.585417 [debug] [MainThread]: STDERR: "b''"
[0m14:08:14.587977 [info ] [MainThread]:  - git [[32mOK found[0m]

[0m14:08:14.587977 [info ] [MainThread]: Connection test skipped since no profile was found
[0m14:08:14.587977 [info ] [MainThread]: [31m2 checks failed:[0m
[0m14:08:14.592562 [info ] [MainThread]: dbt looked for a profiles.yml file in C:\Users\muhoz\.dbt\profiles.yml, but did
not find one. For more information on configuring your profile, consult the
documentation:

https://docs.getdbt.com/docs/configure-your-profile


[0m14:08:14.592562 [info ] [MainThread]: Project loading failed for the following reason:
 project path <C:\Users\muhoz\Projects\finserve\dbt_project\dbt_project.yml> not found

[0m14:08:14.597751 [debug] [MainThread]: Command `dbt debug` failed at 14:08:14.597751 after 0.48 seconds
[0m14:08:14.597751 [debug] [MainThread]: Sending event: {'category': 'dbt', 'action': 'invocation', 'label': 'end', 'context': [<snowplow_tracker.self_describing_json.SelfDescribingJson object at 0x0000024350417C10>, <snowplow_tracker.self_describing_json.SelfDescribingJson object at 0x000002435036F6D0>, <snowplow_tracker.self_describing_json.SelfDescribingJson object at 0x000002435036FA90>]}
[0m14:08:14.600640 [debug] [MainThread]: Flushing usage events
[0m14:08:16.078133 [debug] [MainThread]: An error was encountered while trying to flush usage events
