[0m16:44:06.556422 [debug] [MainThread]: Sending event: {'category': 'dbt', 'action': 'invocation', 'label': 'start', 'context': [<snowplow_tracker.self_describing_json.SelfDescribingJson object at 0x00000217219CB7D0>, <snowplow_tracker.self_describing_json.SelfDescribingJson object at 0x00000217219ADC50>, <snowplow_tracker.self_describing_json.SelfDescribingJson object at 0x00000217219AE050>]}


============================== 16:44:06.572018 | 0fb4c338-9f04-4246-89a0-c07182e6f24c ==============================
[0m16:44:06.572018 [info ] [MainThread]: Running with dbt=1.8.8
[0m16:44:06.577108 [debug] [MainThread]: running dbt with arguments {'printer_width': '80', 'indirect_selection': 'eager', 'write_json': 'True', 'log_cache_events': 'False', 'partial_parse': 'True', 'cache_selected_only': 'False', 'profiles_dir': 'C:\\Users\\muhoz\\Projects\\finserve\\dbt_project\\.dbt', 'fail_fast': 'False', 'debug': 'False', 'log_path': 'logs', 'warn_error': 'None', 'version_check': 'True', 'use_colors': 'True', 'use_experimental_parser': 'False', 'empty': 'None', 'quiet': 'False', 'no_print': 'None', 'warn_error_options': 'WarnErrorOptions(include=[], exclude=[])', 'static_parser': 'True', 'introspect': 'True', 'log_format': 'default', 'target_path': 'None', 'invocation_command': 'dbt seed --profiles-dir C:\\Users\\muhoz\\Projects\\finserve\\dbt_project\\.dbt', 'send_anonymous_usage_stats': 'True'}
[0m16:44:06.577108 [error] [MainThread]: Encountered an error:
Runtime Error
  No dbt_project.yml found at expected path C:\Users\muhoz\Projects\finserve\dbt_project.yml
  Verify that each entry within packages.yml (and their transitive dependencies) contains a file named dbt_project.yml
  
[0m16:44:06.582922 [debug] [MainThread]: Command `dbt seed` failed at 16:44:06.582922 after 0.48 seconds
[0m16:44:06.584461 [debug] [MainThread]: Sending event: {'category': 'dbt', 'action': 'invocation', 'label': 'end', 'context': [<snowplow_tracker.self_describing_json.SelfDescribingJson object at 0x00000217218AE210>, <snowplow_tracker.self_describing_json.SelfDescribingJson object at 0x00000217218AD310>, <snowplow_tracker.self_describing_json.SelfDescribingJson object at 0x00000217218C1B10>]}
[0m16:44:06.588673 [debug] [MainThread]: Flushing usage events
[0m14:21:52.646182 [debug] [MainThread]: Sending event: {'category': 'dbt', 'action': 'invocation', 'label': 'start', 'context': [<snowplow_tracker.self_describing_json.SelfDescribingJson object at 0x000001A62A8DB990>, <snowplow_tracker.self_describing_json.SelfDescribingJson object at 0x000001A62A8D7ED0>, <snowplow_tracker.self_describing_json.SelfDescribingJson object at 0x000001A62A8814D0>]}


============================== 14:21:52.652356 | 23ef0249-2d5a-4421-9fbf-75fc581d2672 ==============================
[0m14:21:52.652356 [info ] [MainThread]: Running with dbt=1.8.8
[0m14:21:52.653366 [debug] [MainThread]: running dbt with arguments {'printer_width': '80', 'indirect_selection': 'eager', 'write_json': 'True', 'log_cache_events': 'False', 'partial_parse': 'True', 'cache_selected_only': 'False', 'profiles_dir': 'C:\\Users\\muhoz\\.dbt', 'debug': 'False', 'version_check': 'True', 'log_path': 'logs', 'warn_error': 'None', 'fail_fast': 'False', 'use_colors': 'True', 'use_experimental_parser': 'False', 'empty': 'None', 'quiet': 'False', 'no_print': 'None', 'log_format': 'default', 'introspect': 'True', 'static_parser': 'True', 'warn_error_options': 'WarnErrorOptions(include=[], exclude=[])', 'target_path': 'None', 'invocation_command': 'dbt debug', 'send_anonymous_usage_stats': 'True'}
[0m14:21:52.681825 [info ] [MainThread]: dbt version: 1.8.8
[0m14:21:52.682864 [info ] [MainThread]: python version: 3.11.9
[0m14:21:52.683830 [info ] [MainThread]: python path: C:\Users\muhoz\AppData\Local\Programs\Python\Python311\python.exe
[0m14:21:52.683830 [info ] [MainThread]: os info: Windows-10-10.0.26200-SP0
[0m14:21:52.683830 [info ] [MainThread]: Using profiles dir at C:\Users\muhoz\.dbt
[0m14:21:52.685342 [info ] [MainThread]: Using profiles.yml file at C:\Users\muhoz\.dbt\profiles.yml
[0m14:21:52.686357 [info ] [MainThread]: Using dbt_project.yml file at C:\Users\muhoz\Projects\finserve\dbt_project.yml
[0m14:21:52.686871 [info ] [MainThread]: Configuration:
[0m14:21:52.687275 [info ] [MainThread]:   profiles.yml file [[31mERROR not found[0m]
[0m14:21:52.687275 [info ] [MainThread]:   dbt_project.yml file [[31mERROR not found[0m]
[0m14:21:52.688287 [info ] [MainThread]: Required dependencies:
[0m14:21:52.689285 [debug] [MainThread]: Executing "git --help"
[0m14:21:52.737189 [debug] [MainThread]: STDOUT: "b"usage: git [-v | --version] [-h | --help] [-C <path>] [-c <name>=<value>]\n           [--exec-path[=<path>]] [--html-path] [--man-path] [--info-path]\n           [-p | --paginate | -P | --no-pager] [--no-replace-objects] [--no-lazy-fetch]\n           [--no-optional-locks] [--no-advice] [--bare] [--git-dir=<path>]\n           [--work-tree=<path>] [--namespace=<name>] [--config-env=<name>=<envvar>]\n           <command> [<args>]\n\nThese are common Git commands used in various situations:\n\nstart a working area (see also: git help tutorial)\n   clone      Clone a repository into a new directory\n   init       Create an empty Git repository or reinitialize an existing one\n\nwork on the current change (see also: git help everyday)\n   add        Add file contents to the index\n   mv         Move or rename a file, a directory, or a symlink\n   restore    Restore working tree files\n   rm         Remove files from the working tree and from the index\n\nexamine the history and state (see also: git help revisions)\n   bisect     Use binary search to find the commit that introduced a bug\n   diff       Show changes between commits, commit and working tree, etc\n   grep       Print lines matching a pattern\n   log        Show commit logs\n   show       Show various types of objects\n   status     Show the working tree status\n\ngrow, mark and tweak your common history\n   backfill   Download missing objects in a partial clone\n   branch     List, create, or delete branches\n   commit     Record changes to the repository\n   merge      Join two or more development histories together\n   rebase     Reapply commits on top of another base tip\n   reset      Reset current HEAD to the specified state\n   switch     Switch branches\n   tag        Create, list, delete or verify a tag object signed with GPG\n\ncollaborate (see also: git help workflows)\n   fetch      Download objects and refs from another repository\n   pull       Fetch from and integrate with another repository or a local branch\n   push       Update remote refs along with associated objects\n\n'git help -a' and 'git help -g' list available subcommands and some\nconcept guides. See 'git help <command>' or 'git help <concept>'\nto read about a specific subcommand or concept.\nSee 'git help git' for an overview of the system.\n""
[0m14:21:52.737189 [debug] [MainThread]: STDERR: "b''"
[0m14:21:52.738150 [info ] [MainThread]:  - git [[32mOK found[0m]

[0m14:21:52.739150 [info ] [MainThread]: Connection test skipped since no profile was found
[0m14:21:52.739150 [info ] [MainThread]: [31m2 checks failed:[0m
[0m14:21:52.740152 [info ] [MainThread]: dbt looked for a profiles.yml file in C:\Users\muhoz\.dbt\profiles.yml, but did
not find one. For more information on configuring your profile, consult the
documentation:

https://docs.getdbt.com/docs/configure-your-profile


[0m14:21:52.741158 [info ] [MainThread]: Project loading failed for the following reason:
 project path <C:\Users\muhoz\Projects\finserve\dbt_project.yml> not found

[0m14:21:52.742153 [debug] [MainThread]: Command `dbt debug` failed at 14:21:52.742153 after 0.20 seconds
[0m14:21:52.743199 [debug] [MainThread]: Sending event: {'category': 'dbt', 'action': 'invocation', 'label': 'end', 'context': [<snowplow_tracker.self_describing_json.SelfDescribingJson object at 0x000001A6278B0210>, <snowplow_tracker.self_describing_json.SelfDescribingJson object at 0x000001A62A8D7F50>, <snowplow_tracker.self_describing_json.SelfDescribingJson object at 0x000001A62A5BB7D0>]}
[0m14:21:52.743199 [debug] [MainThread]: Flushing usage events
